c:\users\lenovo\source\university system\universitysystem\universitysystem\x64\debug\vc143.pdb
c:\users\lenovo\source\university system\universitysystem\universitysystem\x64\debug\.netframework,version=v4.7.2.assemblyattributes.obj
c:\users\lenovo\source\university system\universitysystem\universitysystem\x64\debug\waitlist.obj
c:\users\lenovo\source\university system\universitysystem\universitysystem\x64\debug\home.obj
c:\users\lenovo\source\university system\universitysystem\universitysystem\x64\debug\courserecords.obj
c:\users\lenovo\source\university system\universitysystem\universitysystem\x64\debug\studentmanagement.obj
c:\users\lenovo\source\university system\universitysystem\universitysystem\x64\debug\search.obj
c:\users\lenovo\source\university system\universitysystem\universitysystem\x64\debug\history.obj
c:\users\lenovo\source\university system\universitysystem\universitysystem\x64\debug\registration.obj
c:\users\lenovo\source\university system\universitysystem\x64\debug\universitysystem.exe
c:\users\lenovo\source\university system\universitysystem\x64\debug\universitysystem.pdb
c:\users\lenovo\source\university system\universitysystem\universitysystem\x64\debug\courserecordsmanagement.obj
c:\users\lenovo\source\university system\universitysystem\universitysystem\x64\debug\courserecordsmanagement1.obj
c:\users\lenovo\source\university system\universitysystem\universitysystem\x64\debug\myusercontrol.obj
c:\users\lenovo\source\university system\universitysystem\universitysystem\x64\debug\myusercontrol1.obj
c:\users\lenovo\source\university system\universitysystem\universitysystem\x64\debug\university system.obj
c:\users\lenovo\source\university system\universitysystem\universitysystem\x64\debug\universitysystem.tlog\cl.command.1.tlog
c:\users\lenovo\source\university system\universitysystem\universitysystem\x64\debug\universitysystem.tlog\cl.items.tlog
c:\users\lenovo\source\university system\universitysystem\universitysystem\x64\debug\universitysystem.tlog\cl.read.1.tlog
c:\users\lenovo\source\university system\universitysystem\universitysystem\x64\debug\universitysystem.tlog\cl.write.1.tlog
c:\users\lenovo\source\university system\universitysystem\universitysystem\x64\debug\universitysystem.tlog\link.command.1.tlog
c:\users\lenovo\source\university system\universitysystem\universitysystem\x64\debug\universitysystem.tlog\link.read.1.tlog
c:\users\lenovo\source\university system\universitysystem\universitysystem\x64\debug\universitysystem.tlog\link.secondary.1.tlog
c:\users\lenovo\source\university system\universitysystem\universitysystem\x64\debug\universitysystem.tlog\link.write.1.tlog
c:\users\lenovo\source\university system\universitysystem\universitysystem\x64\debug\universitysystem.tlog\metagen.read.1.tlog
c:\users\lenovo\source\university system\universitysystem\universitysystem\x64\debug\universitysystem.tlog\metagen.write.1.tlog
c:\users\lenovo\source\university system\universitysystem\universitysystem\x64\debug\universitysystem.tlog\resgen.command.1.tlog
c:\users\lenovo\source\university system\universitysystem\universitysystem\x64\debug\universitysystem.tlog\resgen.read.1.tlog
c:\users\lenovo\source\university system\universitysystem\universitysystem\x64\debug\universitysystem.tlog\resgen.write.1.tlog
